// Vitest Snapshot v1, https://vitest.dev/guide/snapshot.html

exports[`TelemetryChart > スナップショットと一致する 1`] = `
<div>
  <div
    class="flex h-full flex-col gap-2"
  >
    <h3
      class="text-sm font-medium text-muted-foreground"
    >
      回転数
      トレンド (
      rpm
      )
    </h3>
    <div
      class="flex aspect-video justify-center text-xs [&_.recharts-cartesian-axis-tick_text]:fill-muted-foreground [&_.recharts-cartesian-grid_line[stroke='#ccc']]:stroke-border/50 [&_.recharts-curve.recharts-tooltip-cursor]:stroke-border [&_.recharts-dot[stroke='#fff']]:stroke-transparent [&_.recharts-layer]:outline-hidden [&_.recharts-polar-grid_[stroke='#ccc']]:stroke-border [&_.recharts-radial-bar-background-sector]:fill-muted [&_.recharts-rectangle.recharts-tooltip-cursor]:fill-muted [&_.recharts-reference-line_[stroke='#ccc']]:stroke-border [&_.recharts-sector]:outline-hidden [&_.recharts-sector[stroke='#fff']]:stroke-transparent [&_.recharts-surface]:outline-hidden min-h-48 w-full flex-1"
      data-chart="chart-_r_2_"
      data-slot="chart"
    >
      <style>
        
 [data-chart=chart-_r_2_] {
  --color-value: var(--chart-1);
}


.dark [data-chart=chart-_r_2_] {
  --color-value: var(--chart-1);
}

      </style>
      <div
        class="recharts-responsive-container"
        style="width: 100%; height: 100%; min-width: 0px;"
      >
        <div
          style="width: 0px; height: 0px; overflow: visible;"
        >
          <div
            class="recharts-wrapper"
            height="200"
            style="position: relative; cursor: default; width: 320px; height: 200px;"
            width="320"
          >
            <div
              class="recharts-tooltip-wrapper"
              style="visibility: hidden; pointer-events: none; position: absolute; top: 0px; left: 0px;"
              tabindex="-1"
              xmlns="http://www.w3.org/1999/xhtml"
            />
            <svg
              class="recharts-surface"
              height="200"
              role="application"
              style="width: 100%; height: 100%; display: block;"
              tabindex="0"
              viewBox="0 0 320 200"
              width="320"
            >
              <title />
              <desc />
              <g
                class="recharts-zIndex-layer_-100"
                tabindex="-1"
              >
                <g
                  class="recharts-cartesian-grid"
                >
                  <g
                    class="recharts-cartesian-grid-horizontal"
                  >
                    <line
                      fill="none"
                      height="162"
                      stroke="#ccc"
                      stroke-opacity="0.4"
                      width="264"
                      x="48"
                      x1="48"
                      x2="312"
                      y="8"
                      y1="170"
                      y2="170"
                    />
                    <line
                      fill="none"
                      height="162"
                      stroke="#ccc"
                      stroke-opacity="0.4"
                      width="264"
                      x="48"
                      x1="48"
                      x2="312"
                      y="8"
                      y1="129.5"
                      y2="129.5"
                    />
                    <line
                      fill="none"
                      height="162"
                      stroke="#ccc"
                      stroke-opacity="0.4"
                      width="264"
                      x="48"
                      x1="48"
                      x2="312"
                      y="8"
                      y1="89"
                      y2="89"
                    />
                    <line
                      fill="none"
                      height="162"
                      stroke="#ccc"
                      stroke-opacity="0.4"
                      width="264"
                      x="48"
                      x1="48"
                      x2="312"
                      y="8"
                      y1="48.5"
                      y2="48.5"
                    />
                    <line
                      fill="none"
                      height="162"
                      stroke="#ccc"
                      stroke-opacity="0.4"
                      width="264"
                      x="48"
                      x1="48"
                      x2="312"
                      y="8"
                      y1="8"
                      y2="8"
                    />
                  </g>
                </g>
              </g>
              <g
                class="recharts-zIndex-layer_-50"
                tabindex="-1"
              />
              <defs>
                <clippath
                  id="recharts5-clip"
                >
                  <rect
                    height="162"
                    width="264"
                    x="48"
                    y="8"
                  />
                </clippath>
              </defs>
              <defs>
                <lineargradient
                  id="fillValue"
                  x1="0"
                  x2="0"
                  y1="0"
                  y2="1"
                >
                  <stop
                    offset="5%"
                    stop-color="var(--color-value)"
                    stop-opacity="0.45"
                  />
                  <stop
                    offset="95%"
                    stop-color="var(--color-value)"
                    stop-opacity="0.05"
                  />
                </lineargradient>
              </defs>
              <g
                class="recharts-zIndex-layer_100"
                tabindex="-1"
              >
                <g
                  class="recharts-layer recharts-area"
                >
                  <g
                    class="recharts-layer"
                  >
                    <g
                      class="recharts-layer"
                      clip-path="url(#animationClipPath-recharts-area-_r_3_)"
                    >
                      <g
                        class="recharts-layer"
                      >
                        <path
                          class="recharts-curve recharts-area-area"
                          d="M48,170C92,143,136,116,180,89C224,62,268,35,312,8L312,170C268,170,224,170,180,170C136,170,92,170,48,170Z"
                          fill="url(#fillValue)"
                          fill-opacity="0.6"
                          height="162"
                          id="recharts-area-_r_3_"
                          stroke="none"
                          stroke-width="2"
                          width="264"
                        />
                        <path
                          class="recharts-curve recharts-area-curve"
                          d="M48,170C92,143,136,116,180,89C224,62,268,35,312,8"
                          fill="none"
                          fill-opacity="0.6"
                          height="162"
                          stroke="var(--color-value)"
                          stroke-width="2"
                          width="264"
                        />
                      </g>
                    </g>
                  </g>
                </g>
              </g>
              <g
                class="recharts-zIndex-layer_200"
                tabindex="-1"
              />
              <g
                class="recharts-zIndex-layer_300"
                tabindex="-1"
              />
              <g
                class="recharts-zIndex-layer_400"
                tabindex="-1"
              />
              <g
                class="recharts-zIndex-layer_500"
                tabindex="-1"
              >
                <g
                  class="recharts-layer recharts-cartesian-axis recharts-xAxis xAxis"
                >
                  <g
                    class="recharts-cartesian-axis-ticks recharts-xAxis-ticks"
                  >
                    <g
                      class="recharts-cartesian-axis-tick-lines recharts-xAxis-tick-lines"
                    >
                      <g
                        class="recharts-layer recharts-cartesian-axis-tick"
                      />
                      <g
                        class="recharts-layer recharts-cartesian-axis-tick"
                      />
                      <g
                        class="recharts-layer recharts-cartesian-axis-tick"
                      />
                    </g>
                  </g>
                </g>
                <g
                  class="recharts-layer recharts-cartesian-axis recharts-yAxis yAxis"
                >
                  <g
                    class="recharts-cartesian-axis-ticks recharts-yAxis-ticks"
                  >
                    <g
                      class="recharts-cartesian-axis-tick-lines recharts-yAxis-tick-lines"
                    >
                      <g
                        class="recharts-layer recharts-cartesian-axis-tick"
                      />
                      <g
                        class="recharts-layer recharts-cartesian-axis-tick"
                      />
                      <g
                        class="recharts-layer recharts-cartesian-axis-tick"
                      />
                      <g
                        class="recharts-layer recharts-cartesian-axis-tick"
                      />
                      <g
                        class="recharts-layer recharts-cartesian-axis-tick"
                      />
                    </g>
                  </g>
                </g>
              </g>
              <g
                class="recharts-zIndex-layer_600"
                tabindex="-1"
              />
              <g
                class="recharts-zIndex-layer_1000"
                tabindex="-1"
              />
              <g
                class="recharts-zIndex-layer_1100"
                tabindex="-1"
              />
              <g
                class="recharts-zIndex-layer_1200"
                tabindex="-1"
              />
              <g
                class="recharts-zIndex-layer_2000"
                tabindex="-1"
              >
                <g
                  class="recharts-cartesian-axis-tick-labels recharts-xAxis-tick-labels"
                >
                  <g
                    class="recharts-layer recharts-cartesian-axis-tick-label"
                  >
                    <text
                      class="recharts-text recharts-cartesian-axis-tick-value"
                      fill="#666"
                      height="30"
                      orientation="bottom"
                      stroke="none"
                      text-anchor="middle"
                      width="264"
                      x="48"
                      y="184"
                    >
                      <tspan
                        dy="0.71em"
                        x="48"
                      >
                        00:00
                      </tspan>
                    </text>
                  </g>
                  <g
                    class="recharts-layer recharts-cartesian-axis-tick-label"
                  >
                    <text
                      class="recharts-text recharts-cartesian-axis-tick-value"
                      fill="#666"
                      height="30"
                      orientation="bottom"
                      stroke="none"
                      text-anchor="middle"
                      width="264"
                      x="180"
                      y="184"
                    >
                      <tspan
                        dy="0.71em"
                        x="180"
                      >
                        00:01
                      </tspan>
                    </text>
                  </g>
                  <g
                    class="recharts-layer recharts-cartesian-axis-tick-label"
                  >
                    <text
                      class="recharts-text recharts-cartesian-axis-tick-value"
                      fill="#666"
                      height="30"
                      orientation="bottom"
                      stroke="none"
                      text-anchor="middle"
                      width="264"
                      x="312"
                      y="184"
                    >
                      <tspan
                        dy="0.71em"
                        x="312"
                      >
                        00:02
                      </tspan>
                    </text>
                  </g>
                </g>
                <g
                  class="recharts-cartesian-axis-tick-labels recharts-yAxis-tick-labels"
                >
                  <g
                    class="recharts-layer recharts-cartesian-axis-tick-label"
                  >
                    <text
                      class="recharts-text recharts-cartesian-axis-tick-value"
                      fill="#666"
                      height="162"
                      orientation="left"
                      stroke="none"
                      text-anchor="end"
                      width="48"
                      x="40"
                      y="170"
                    >
                      <tspan
                        dy="0.355em"
                        x="40"
                      >
                        2400
                      </tspan>
                    </text>
                  </g>
                  <g
                    class="recharts-layer recharts-cartesian-axis-tick-label"
                  >
                    <text
                      class="recharts-text recharts-cartesian-axis-tick-value"
                      fill="#666"
                      height="162"
                      orientation="left"
                      stroke="none"
                      text-anchor="end"
                      width="48"
                      x="40"
                      y="129.5"
                    >
                      <tspan
                        dy="0.355em"
                        x="40"
                      >
                        2425
                      </tspan>
                    </text>
                  </g>
                  <g
                    class="recharts-layer recharts-cartesian-axis-tick-label"
                  >
                    <text
                      class="recharts-text recharts-cartesian-axis-tick-value"
                      fill="#666"
                      height="162"
                      orientation="left"
                      stroke="none"
                      text-anchor="end"
                      width="48"
                      x="40"
                      y="89"
                    >
                      <tspan
                        dy="0.355em"
                        x="40"
                      >
                        2450
                      </tspan>
                    </text>
                  </g>
                  <g
                    class="recharts-layer recharts-cartesian-axis-tick-label"
                  >
                    <text
                      class="recharts-text recharts-cartesian-axis-tick-value"
                      fill="#666"
                      height="162"
                      orientation="left"
                      stroke="none"
                      text-anchor="end"
                      width="48"
                      x="40"
                      y="48.5"
                    >
                      <tspan
                        dy="0.355em"
                        x="40"
                      >
                        2475
                      </tspan>
                    </text>
                  </g>
                  <g
                    class="recharts-layer recharts-cartesian-axis-tick-label"
                  >
                    <text
                      class="recharts-text recharts-cartesian-axis-tick-value"
                      fill="#666"
                      height="162"
                      orientation="left"
                      stroke="none"
                      text-anchor="end"
                      width="48"
                      x="40"
                      y="8"
                    >
                      <tspan
                        dy="0.355em"
                        x="40"
                      >
                        2500
                      </tspan>
                    </text>
                  </g>
                </g>
              </g>
            </svg>
          </div>
        </div>
      </div>
    </div>
  </div>
</div>
`;
